IBM XL C/C++ for Blue Gene, Version 12.1.0.9 --- rcencoder.cpp Mon 01 Dec 2014 11:39:51 CET (C++)

>>>>> OPTIONS SECTION <<<<<

SIMD=AUTO       INLINE=NOAUTO:LEVEL=5           LINEDEBUG       LIST            
SOURCE          NOSTRICT_INDUCTION              THREADED        
ALIAS=ANSI:NOTYPEPTR:NOALLPTRS:NOADDRTAKEN:RESTRICT:NOGLOBAL    ARCH=QP         
CACHE=LEVEL=1:TYPE=D:SIZE=16:LINE=64:ASSOC=8:COST=6             
CACHE=LEVEL=1:TYPE=I:SIZE=16:LINE=64:ASSOC=4:COST=6             
CACHE=LEVEL=2:TYPE=D:SIZE=33554:LINE=128:ASSOC=16:COST=80       
CACHE=LEVEL=2:TYPE=I:SIZE=33554:LINE=128:ASSOC=16:COST=80       
HOT=NOARRAYPAD:ARRAYPAD=0:VECTOR:LEVEL=1:FASTMATH               OPT=2           
OBJECTMODE=64   PACK_SEMANTIC=GNU               PIC=SMALL       REPORT          
SHOWPDF=NO      SMP             SMP=AUTO        SMP=OPT         SMP=NOOMP       
SMP=SPECULATIVE SMP=OSTLS       SUPPRESS=CPPC0900:CPPC0922      TLS=DEFAULT     
TMPLPARSE=NO    TUNE=QP         

>>>>> SOURCE SECTION <<<<<
 
            1 | #include "rcencoder.h"
            2 | 
            3 | // finalize encoder
            4 | void RCencoder::finish()
            5 | {
            6 |   put(4);
            7 | }
            8 | 
            9 | // encode a bit s
           10 | void RCencoder::encode(bool s)
           11 | {
           12 |   range >>= 1;
           13 |   if (s)
           14 |     low += range;
           15 |   normalize();
           16 | }
           17 | 
           18 | // encode a symbol s using probability modeling
           19 | void RCencoder::encode(unsigned s, RCmodel* rm)
           20 | {
           21 |   unsigned l, r;
           22 |   rm->encode(s, l, r);
           23 |   rm->normalize(range);
           24 |   low += range * l;
           25 |   range *= r;
           26 |   normalize();
           27 | }
           28 | 
           29 | // encode a number s : 0 <= s < 2^n <= 2^16
           30 | void RCencoder::encode_shift(unsigned s, unsigned n)
           31 | {
           32 |   range >>= n;
           33 |   low += range * s;
           34 |   normalize();
           35 | }
           36 | 
           37 | // encode a number s : 0 <= s < n <= 2^16
           38 | void RCencoder::encode_ratio(unsigned s, unsigned n)
           39 | {
           40 |   range /= n;
           41 |   low += range * s;
           42 |   normalize();
           43 | }
           44 | 
           45 | // normalize the range and output data
           46 | void RCencoder::normalize()
           47 | {
           48 |   while (!((low ^ (low + range)) >> 24)) {
           49 |     // top 8 bits are fixed; output them
           50 |     put(1);
           51 |     range <<= 8;
           52 |   }
           53 |   if (!(range >> 16)) {
           54 |     // top 8 bits are not fixed but range is small;
           55 |     // fudge range to avoid carry and output 16 bits
           56 |     put(2);
           57 |     range = -low;
           58 |   }
           59 | }


>>>>> FILE TABLE SECTION <<<<<
    1  =  ../inc/rcencoder.h
    2  =  ../inc/rcmodel.h
    3  =  ../inc/rcencoder.inl


>>>>> COMPILATION EPILOGUE SECTION <<<<<

 IBM C and C++ Compilers Language Summary of Diagnosed Conditions

TOTAL   UNRECOVERABLE  SEVERE       ERROR     WARNING    INFORMATIONAL
               (U)       (S)         (E)        (W)          (I)
    0           0         0           0          0            0
Compilation succeeded for file rcencoder.cpp.

>>>>> OBJECT SECTION, OPTIMIZATION <<<<<
     4 |  void RCencoder::finish()(RCencoder *this)
     5 |  {
    37 |    ((funcaddr *)(*((char * *)this)))[16ll / 8]->(void (unsigned int)vf).rns1.(this,*((unsigned int *)((char *)this + 8)) >> 24)
    38 |    *((unsigned int *)((char *)this + 8)) = *((unsigned int *)((char *)this + 8)) << 8;
    37 |    ((funcaddr *)(*((char * *)this)))[16ll / 8]->(void (unsigned int)vf).rns1.cfp0.(this,*((unsigned int *)((char *)this + 8)) >> 24)
    38 |    *((unsigned int *)((char *)this + 8)) = *((unsigned int *)((char *)this + 8)) << 8;
    37 |    ((funcaddr *)(*((char * *)this)))[16ll / 8]->(void (unsigned int)vf).rns1.cfp1.(this,*((unsigned int *)((char *)this + 8)) >> 24)
    38 |    *((unsigned int *)((char *)this + 8)) = *((unsigned int *)((char *)this + 8)) << 8;
    37 |    ((funcaddr *)(*((char * *)this)))[16ll / 8]->(void (unsigned int)vf).rns1.cfp2.(this,*((unsigned int *)((char *)this + 8)) >> 24)
    38 |    *((unsigned int *)((char *)this + 8)) = *((unsigned int *)((char *)this + 8)) << 8;
     7 |    return;
          } /* function */ 



Source        Source        Loop Id       Action / Information                                      
File          Line                                                                                  
----------    ----------    ----------    ----------------------------------------------------------
         3            36                  Loop cannot be automatically parallelized.  Loop 
                                          contains a call to "(void (unsigned int)vf).rns1." 
                                          that may have side effects.
         3            36                  Loop has been completely unrolled because its 
                                          iteration count is less than 32.

    10 |  void RCencoder::encode(bool)(RCencoder *this, char s)
    11 |  {
    12 |    *((unsigned int *)((char *)this + 12)) = *((unsigned int *)((char *)this + 12)) >> 1;
    13 |    if (!(s != 0u)) goto lab_1;
    14 |    *((unsigned int *)((char *)this + 8)) = *((unsigned int *)((char *)this + 8)) + *((unsigned int *)((char *)this + 12));
          lab_1:
    48 |    if (0u != (*((unsigned int *)((char *)this + 8)) + *((unsigned int *)((char *)this + 12)) ^ *((unsigned int *)((char *)this + 8))) >> 24) goto lab_7;
            do {   /* id=1 guarded */ /* ~8 */ 
              /* region = 13 */
    37 |      ((funcaddr *)(*((char * *)this)))[16ll / 8]->(void (unsigned int)vf).rns25.$$2(this,*((unsigned int *)((char *)this + 8)) >> 24)
    38 |      *((unsigned int *)((char *)this + 8)) = *((unsigned int *)((char *)this + 8)) << 8;
    51 |      *((unsigned int *)((char *)this + 12)) = *((unsigned int *)((char *)this + 12)) << 8;
    48 |    } while (!(0u != (*((unsigned int *)((char *)this + 8)) + *((unsigned int *)((char *)this + 12)) ^ *((unsigned int *)((char *)this + 8))) >> 24));   /* ~8 */
          lab_7:
    53 |    if (0u != *((unsigned int *)((char *)this + 12)) >> 16) goto lab_11;
    37 |    ((funcaddr *)(*((char * *)this)))[16ll / 8]->(void (unsigned int)vf).rns28.$$2(this,*((unsigned int *)((char *)this + 8)) >> 24)
    38 |    *((unsigned int *)((char *)this + 8)) = *((unsigned int *)((char *)this + 8)) << 8;
    37 |    ((funcaddr *)(*((char * *)this)))[16ll / 8]->(void (unsigned int)vf).rns28.$$2cfp3.(this,*((unsigned int *)((char *)this + 8)) >> 24)
    38 |    *((unsigned int *)((char *)this + 8)) = *((unsigned int *)((char *)this + 8)) << 8;
    57 |    *((unsigned int *)((char *)this + 12)) = *((unsigned int *)((char *)this + 8)) * 4294967295u;
    58 |  lab_11:
    16 |    return;
          } /* function */ 



Source        Source        Loop Id       Action / Information                                      
File          Line                                                                                  
----------    ----------    ----------    ----------------------------------------------------------
         3            36                  Loop cannot be automatically parallelized.  Loop 
                                          contains a call to "(void (unsigned 
                                          int)vf).rns25.$$2" that may have side effects.
         3            36                  Loop has been completely unrolled because its 
                                          iteration count is less than 32.
         3            36                  Loop cannot be automatically parallelized.  Loop 
                                          contains a call to "(void (unsigned 
                                          int)vf).rns28.$$2" that may have side effects.
         3            36                  Loop has been completely unrolled because its 
                                          iteration count is less than 32.

    19 |  void RCencoder::encode(unsigned int, RCmodel*)(RCencoder *this, unsigned int s, RCmodel *rm)
    20 |  {
    22 |    ((funcaddr *)(*((char * *)rm)))[16ll / 8]->(void (unsigned int, unsigned int &, unsigned int &)vf).rns9.(rm,s,&l,&r)
    23 |    ((funcaddr *)(*((char * *)rm)))[32ll / 8]->(void (unsigned int &)vf).rns12.(rm,(this + 12))
    24 |    *((unsigned int *)((char *)this + 8)) = l * *((unsigned int *)((char *)this + 12)) + *((unsigned int *)((char *)this + 8));
    25 |    *((unsigned int *)((char *)this + 12)) = r * *((unsigned int *)((char *)this + 12));
    48 |    if (0u != (*((unsigned int *)((char *)this + 8)) + *((unsigned int *)((char *)this + 12)) ^ *((unsigned int *)((char *)this + 8))) >> 24) goto lab_5;
            do {   /* id=1 guarded */ /* ~6 */ 
              /* region = 11 */
    37 |      ((funcaddr *)(*((char * *)this)))[16ll / 8]->(void (unsigned int)vf).rns25.$$5(this,*((unsigned int *)((char *)this + 8)) >> 24)
    38 |      *((unsigned int *)((char *)this + 8)) = *((unsigned int *)((char *)this + 8)) << 8;
    51 |      *((unsigned int *)((char *)this + 12)) = *((unsigned int *)((char *)this + 12)) << 8;
    48 |    } while (!(0u != (*((unsigned int *)((char *)this + 8)) + *((unsigned int *)((char *)this + 12)) ^ *((unsigned int *)((char *)this + 8))) >> 24));   /* ~6 */
          lab_5:
    53 |    if (0u != *((unsigned int *)((char *)this + 12)) >> 16) goto lab_9;
    37 |    ((funcaddr *)(*((char * *)this)))[16ll / 8]->(void (unsigned int)vf).rns28.$$5(this,*((unsigned int *)((char *)this + 8)) >> 24)
    38 |    *((unsigned int *)((char *)this + 8)) = *((unsigned int *)((char *)this + 8)) << 8;
    37 |    ((funcaddr *)(*((char * *)this)))[16ll / 8]->(void (unsigned int)vf).rns28.$$5cfp4.(this,*((unsigned int *)((char *)this + 8)) >> 24)
    38 |    *((unsigned int *)((char *)this + 8)) = *((unsigned int *)((char *)this + 8)) << 8;
    57 |    *((unsigned int *)((char *)this + 12)) = *((unsigned int *)((char *)this + 8)) * 4294967295u;
    58 |  lab_9:
    27 |    return;
          } /* function */ 



Source        Source        Loop Id       Action / Information                                      
File          Line                                                                                  
----------    ----------    ----------    ----------------------------------------------------------
         3            36                  Loop cannot be automatically parallelized.  Loop 
                                          contains a call to "(void (unsigned 
                                          int)vf).rns25.$$5" that may have side effects.
         3            36                  Loop has been completely unrolled because its 
                                          iteration count is less than 32.
         3            36                  Loop cannot be automatically parallelized.  Loop 
                                          contains a call to "(void (unsigned 
                                          int)vf).rns28.$$5" that may have side effects.
         3            36                  Loop has been completely unrolled because its 
                                          iteration count is less than 32.

    30 |  void RCencoder::encode_shift(unsigned int, unsigned int)(RCencoder *this, unsigned int s, unsigned int n)
    31 |  {
    32 |    *((unsigned int *)((char *)this + 12)) = *((unsigned int *)((char *)this + 12)) >> n;
    33 |    *((unsigned int *)((char *)this + 8)) = *((unsigned int *)((char *)this + 12)) * s + *((unsigned int *)((char *)this + 8));
    48 |    if (0u != (*((unsigned int *)((char *)this + 8)) + *((unsigned int *)((char *)this + 12)) ^ *((unsigned int *)((char *)this + 8))) >> 24) goto lab_5;
            do {   /* id=1 guarded */ /* ~6 */ 
              /* region = 11 */
    37 |      ((funcaddr *)(*((char * *)this)))[16ll / 8]->(void (unsigned int)vf).rns25.$$6(this,*((unsigned int *)((char *)this + 8)) >> 24)
    38 |      *((unsigned int *)((char *)this + 8)) = *((unsigned int *)((char *)this + 8)) << 8;
    51 |      *((unsigned int *)((char *)this + 12)) = *((unsigned int *)((char *)this + 12)) << 8;
    48 |    } while (!(0u != (*((unsigned int *)((char *)this + 8)) + *((unsigned int *)((char *)this + 12)) ^ *((unsigned int *)((char *)this + 8))) >> 24));   /* ~6 */
          lab_5:
    53 |    if (0u != *((unsigned int *)((char *)this + 12)) >> 16) goto lab_9;
    37 |    ((funcaddr *)(*((char * *)this)))[16ll / 8]->(void (unsigned int)vf).rns28.$$6(this,*((unsigned int *)((char *)this + 8)) >> 24)
    38 |    *((unsigned int *)((char *)this + 8)) = *((unsigned int *)((char *)this + 8)) << 8;
    37 |    ((funcaddr *)(*((char * *)this)))[16ll / 8]->(void (unsigned int)vf).rns28.$$6cfp5.(this,*((unsigned int *)((char *)this + 8)) >> 24)
    38 |    *((unsigned int *)((char *)this + 8)) = *((unsigned int *)((char *)this + 8)) << 8;
    57 |    *((unsigned int *)((char *)this + 12)) = *((unsigned int *)((char *)this + 8)) * 4294967295u;
    58 |  lab_9:
    35 |    return;
          } /* function */ 



Source        Source        Loop Id       Action / Information                                      
File          Line                                                                                  
----------    ----------    ----------    ----------------------------------------------------------
         3            36                  Loop cannot be automatically parallelized.  Loop 
                                          contains a call to "(void (unsigned 
                                          int)vf).rns25.$$6" that may have side effects.
         3            36                  Loop has been completely unrolled because its 
                                          iteration count is less than 32.
         3            36                  Loop cannot be automatically parallelized.  Loop 
                                          contains a call to "(void (unsigned 
                                          int)vf).rns28.$$6" that may have side effects.
         3            36                  Loop has been completely unrolled because its 
                                          iteration count is less than 32.

    38 |  void RCencoder::encode_ratio(unsigned int, unsigned int)(RCencoder *this, unsigned int s, unsigned int n)
    39 |  {
    40 |    *((unsigned int *)((char *)this + 12)) = *((unsigned int *)((char *)this + 12)) / n;
    41 |    *((unsigned int *)((char *)this + 8)) = *((unsigned int *)((char *)this + 12)) * s + *((unsigned int *)((char *)this + 8));
    48 |    if (0u != (*((unsigned int *)((char *)this + 8)) + *((unsigned int *)((char *)this + 12)) ^ *((unsigned int *)((char *)this + 8))) >> 24) goto lab_5;
            do {   /* id=1 guarded */ /* ~6 */ 
              /* region = 11 */
    37 |      ((funcaddr *)(*((char * *)this)))[16ll / 8]->(void (unsigned int)vf).rns25.$$7(this,*((unsigned int *)((char *)this + 8)) >> 24)
    38 |      *((unsigned int *)((char *)this + 8)) = *((unsigned int *)((char *)this + 8)) << 8;
    51 |      *((unsigned int *)((char *)this + 12)) = *((unsigned int *)((char *)this + 12)) << 8;
    48 |    } while (!(0u != (*((unsigned int *)((char *)this + 8)) + *((unsigned int *)((char *)this + 12)) ^ *((unsigned int *)((char *)this + 8))) >> 24));   /* ~6 */
          lab_5:
    53 |    if (0u != *((unsigned int *)((char *)this + 12)) >> 16) goto lab_9;
    37 |    ((funcaddr *)(*((char * *)this)))[16ll / 8]->(void (unsigned int)vf).rns28.$$7(this,*((unsigned int *)((char *)this + 8)) >> 24)
    38 |    *((unsigned int *)((char *)this + 8)) = *((unsigned int *)((char *)this + 8)) << 8;
    37 |    ((funcaddr *)(*((char * *)this)))[16ll / 8]->(void (unsigned int)vf).rns28.$$7cfp6.(this,*((unsigned int *)((char *)this + 8)) >> 24)
    38 |    *((unsigned int *)((char *)this + 8)) = *((unsigned int *)((char *)this + 8)) << 8;
    57 |    *((unsigned int *)((char *)this + 12)) = *((unsigned int *)((char *)this + 8)) * 4294967295u;
    58 |  lab_9:
    43 |    return;
          } /* function */ 



Source        Source        Loop Id       Action / Information                                      
File          Line                                                                                  
----------    ----------    ----------    ----------------------------------------------------------
         3            36                  Loop cannot be automatically parallelized.  Loop 
                                          contains a call to "(void (unsigned 
                                          int)vf).rns25.$$7" that may have side effects.
         3            36                  Loop has been completely unrolled because its 
                                          iteration count is less than 32.
         3            36                  Loop cannot be automatically parallelized.  Loop 
                                          contains a call to "(void (unsigned 
                                          int)vf).rns28.$$7" that may have side effects.
         3            36                  Loop has been completely unrolled because its 
                                          iteration count is less than 32.

    46 |  void RCencoder::normalize()(RCencoder *this)
    47 |  {
    48 |    if (0u != (*((unsigned int *)((char *)this + 12)) + *((unsigned int *)((char *)this + 8)) ^ *((unsigned int *)((char *)this + 8))) >> 24) goto lab_3;
            do {   /* id=2 guarded */ /* ~1 */ 
              /* region = 11 */
    37 |      ((funcaddr *)(*((char * *)this)))[16ll / 8]->(void (unsigned int)vf).rns25.(this,*((unsigned int *)((char *)this + 8)) >> 24)
    38 |      *((unsigned int *)((char *)this + 8)) = *((unsigned int *)((char *)this + 8)) << 8;
    51 |      *((unsigned int *)((char *)this + 12)) = *((unsigned int *)((char *)this + 12)) << 8;
    48 |    } while (!(0u != (*((unsigned int *)((char *)this + 8)) + *((unsigned int *)((char *)this + 12)) ^ *((unsigned int *)((char *)this + 8))) >> 24));   /* ~1 */
          lab_3:
    53 |    if (0u != *((unsigned int *)((char *)this + 12)) >> 16) goto lab_7;
    37 |    ((funcaddr *)(*((char * *)this)))[16ll / 8]->(void (unsigned int)vf).rns28.(this,*((unsigned int *)((char *)this + 8)) >> 24)
    38 |    *((unsigned int *)((char *)this + 8)) = *((unsigned int *)((char *)this + 8)) << 8;
    37 |    ((funcaddr *)(*((char * *)this)))[16ll / 8]->(void (unsigned int)vf).rns28.cfp7.(this,*((unsigned int *)((char *)this + 8)) >> 24)
    38 |    *((unsigned int *)((char *)this + 8)) = *((unsigned int *)((char *)this + 8)) << 8;
    57 |    *((unsigned int *)((char *)this + 12)) = *((unsigned int *)((char *)this + 8)) * 4294967295u;
    58 |  lab_7:
    59 |    return;
          } /* function */ 



Source        Source        Loop Id       Action / Information                                      
File          Line                                                                                  
----------    ----------    ----------    ----------------------------------------------------------
         3            36                  Loop cannot be automatically parallelized.  Loop 
                                          contains a call to "(void (unsigned int)vf).rns25." 
                                          that may have side effects.
         3            36                  Loop has been completely unrolled because its 
                                          iteration count is less than 32.
         3            36                  Loop cannot be automatically parallelized.  Loop 
                                          contains a call to "(void (unsigned int)vf).rns28." 
                                          that may have side effects.
         3            36                  Loop has been completely unrolled because its 
                                          iteration count is less than 32.

     4 |  void RCencoder::finish()(RCencoder *this)
     5 |  {
    37 |    ((funcaddr *)(*((char * *)this)))[16ll / 8]->(void (unsigned int)vf).rns1.(this,*((unsigned int *)((char *)this + 8)) >> 24)
    38 |    *((unsigned int *)((char *)this + 8)) = *((unsigned int *)((char *)this + 8)) << 8;
    37 |    ((funcaddr *)(*((char * *)this)))[16ll / 8]->(void (unsigned int)vf).rns1.cfp0.(this,*((unsigned int *)((char *)this + 8)) >> 24)
    38 |    *((unsigned int *)((char *)this + 8)) = *((unsigned int *)((char *)this + 8)) << 8;
    37 |    ((funcaddr *)(*((char * *)this)))[16ll / 8]->(void (unsigned int)vf).rns1.cfp1.(this,*((unsigned int *)((char *)this + 8)) >> 24)
    38 |    *((unsigned int *)((char *)this + 8)) = *((unsigned int *)((char *)this + 8)) << 8;
    37 |    ((funcaddr *)(*((char * *)this)))[16ll / 8]->(void (unsigned int)vf).rns1.cfp2.(this,*((unsigned int *)((char *)this + 8)) >> 24)
    38 |    *((unsigned int *)((char *)this + 8)) = *((unsigned int *)((char *)this + 8)) << 8;
     7 |    return;
          } /* function */ 


    10 |  void RCencoder::encode(bool)(RCencoder *this, char s)
    11 |  {
    12 |    $$csx0 = *((unsigned int *)((char *)this + 12)) >> 1;
            *((unsigned int *)((char *)this + 12)) = $$csx0;
    13 |    if (!(s != 0u)) goto lab_1;
    14 |    *((unsigned int *)((char *)this + 8)) = *((unsigned int *)((char *)this + 8)) + $$csx0;
          lab_1:
    48 |    if (0u != (*((unsigned int *)((char *)this + 8)) + $$csx0 ^ *((unsigned int *)((char *)this + 8))) >> 24) goto lab_7;
            do {   /* id=1 guarded */ /* ~8 */ 
              /* region = 13 */
    37 |      ((funcaddr *)(*((char * *)this)))[16ll / 8]->(void (unsigned int)vf).rns25.$$2(this,*((unsigned int *)((char *)this + 8)) >> 24)
    38 |      *((unsigned int *)((char *)this + 8)) = *((unsigned int *)((char *)this + 8)) << 8;
    51 |      *((unsigned int *)((char *)this + 12)) = *((unsigned int *)((char *)this + 12)) << 8;
    48 |    } while (!(0u != (*((unsigned int *)((char *)this + 8)) + *((unsigned int *)((char *)this + 12)) ^ *((unsigned int *)((char *)this + 8))) >> 24));   /* ~8 */
          lab_7:
    53 |    if (0u != *((unsigned int *)((char *)this + 12)) >> 16) goto lab_11;
    37 |    ((funcaddr *)(*((char * *)this)))[16ll / 8]->(void (unsigned int)vf).rns28.$$2(this,*((unsigned int *)((char *)this + 8)) >> 24)
    38 |    *((unsigned int *)((char *)this + 8)) = *((unsigned int *)((char *)this + 8)) << 8;
    37 |    ((funcaddr *)(*((char * *)this)))[16ll / 8]->(void (unsigned int)vf).rns28.$$2cfp3.(this,*((unsigned int *)((char *)this + 8)) >> 24)
    38 |    *((unsigned int *)((char *)this + 8)) = *((unsigned int *)((char *)this + 8)) << 8;
    57 |    *((unsigned int *)((char *)this + 12)) = *((unsigned int *)((char *)this + 8)) * 4294967295u;
    58 |  lab_11:
    16 |    return;
          } /* function */ 


    19 |  void RCencoder::encode(unsigned int, RCmodel*)(RCencoder *this, unsigned int s, RCmodel *rm)
    20 |  {
    22 |    ((funcaddr *)(*((char * *)rm)))[16ll / 8]->(void (unsigned int, unsigned int &, unsigned int &)vf).rns9.(rm,s,&l,&r)
    23 |    ((funcaddr *)(*((char * *)rm)))[32ll / 8]->(void (unsigned int &)vf).rns12.(rm,(this + 12))
    24 |    *((unsigned int *)((char *)this + 8)) = l * *((unsigned int *)((char *)this + 12)) + *((unsigned int *)((char *)this + 8));
    25 |    *((unsigned int *)((char *)this + 12)) = r * *((unsigned int *)((char *)this + 12));
    48 |    if (0u != (*((unsigned int *)((char *)this + 8)) + *((unsigned int *)((char *)this + 12)) ^ *((unsigned int *)((char *)this + 8))) >> 24) goto lab_5;
            do {   /* id=1 guarded */ /* ~6 */ 
              /* region = 11 */
    37 |      ((funcaddr *)(*((char * *)this)))[16ll / 8]->(void (unsigned int)vf).rns25.$$5(this,*((unsigned int *)((char *)this + 8)) >> 24)
    38 |      *((unsigned int *)((char *)this + 8)) = *((unsigned int *)((char *)this + 8)) << 8;
    51 |      *((unsigned int *)((char *)this + 12)) = *((unsigned int *)((char *)this + 12)) << 8;
    48 |    } while (!(0u != (*((unsigned int *)((char *)this + 8)) + *((unsigned int *)((char *)this + 12)) ^ *((unsigned int *)((char *)this + 8))) >> 24));   /* ~6 */
          lab_5:
    53 |    if (0u != *((unsigned int *)((char *)this + 12)) >> 16) goto lab_9;
    37 |    ((funcaddr *)(*((char * *)this)))[16ll / 8]->(void (unsigned int)vf).rns28.$$5(this,*((unsigned int *)((char *)this + 8)) >> 24)
    38 |    *((unsigned int *)((char *)this + 8)) = *((unsigned int *)((char *)this + 8)) << 8;
    37 |    ((funcaddr *)(*((char * *)this)))[16ll / 8]->(void (unsigned int)vf).rns28.$$5cfp4.(this,*((unsigned int *)((char *)this + 8)) >> 24)
    38 |    *((unsigned int *)((char *)this + 8)) = *((unsigned int *)((char *)this + 8)) << 8;
    57 |    *((unsigned int *)((char *)this + 12)) = *((unsigned int *)((char *)this + 8)) * 4294967295u;
    58 |  lab_9:
    27 |    return;
          } /* function */ 


    30 |  void RCencoder::encode_shift(unsigned int, unsigned int)(RCencoder *this, unsigned int s, unsigned int n)
    31 |  {
    32 |    *((unsigned int *)((char *)this + 12)) = *((unsigned int *)((char *)this + 12)) >> n;
    33 |    *((unsigned int *)((char *)this + 8)) = *((unsigned int *)((char *)this + 12)) * s + *((unsigned int *)((char *)this + 8));
    48 |    if (0u != (*((unsigned int *)((char *)this + 8)) + *((unsigned int *)((char *)this + 12)) ^ *((unsigned int *)((char *)this + 8))) >> 24) goto lab_5;
            do {   /* id=1 guarded */ /* ~6 */ 
              /* region = 11 */
    37 |      ((funcaddr *)(*((char * *)this)))[16ll / 8]->(void (unsigned int)vf).rns25.$$6(this,*((unsigned int *)((char *)this + 8)) >> 24)
    38 |      *((unsigned int *)((char *)this + 8)) = *((unsigned int *)((char *)this + 8)) << 8;
    51 |      *((unsigned int *)((char *)this + 12)) = *((unsigned int *)((char *)this + 12)) << 8;
    48 |    } while (!(0u != (*((unsigned int *)((char *)this + 8)) + *((unsigned int *)((char *)this + 12)) ^ *((unsigned int *)((char *)this + 8))) >> 24));   /* ~6 */
          lab_5:
    53 |    if (0u != *((unsigned int *)((char *)this + 12)) >> 16) goto lab_9;
    37 |    ((funcaddr *)(*((char * *)this)))[16ll / 8]->(void (unsigned int)vf).rns28.$$6(this,*((unsigned int *)((char *)this + 8)) >> 24)
    38 |    *((unsigned int *)((char *)this + 8)) = *((unsigned int *)((char *)this + 8)) << 8;
    37 |    ((funcaddr *)(*((char * *)this)))[16ll / 8]->(void (unsigned int)vf).rns28.$$6cfp5.(this,*((unsigned int *)((char *)this + 8)) >> 24)
    38 |    *((unsigned int *)((char *)this + 8)) = *((unsigned int *)((char *)this + 8)) << 8;
    57 |    *((unsigned int *)((char *)this + 12)) = *((unsigned int *)((char *)this + 8)) * 4294967295u;
    58 |  lab_9:
    35 |    return;
          } /* function */ 


    38 |  void RCencoder::encode_ratio(unsigned int, unsigned int)(RCencoder *this, unsigned int s, unsigned int n)
    39 |  {
    40 |    *((unsigned int *)((char *)this + 12)) = *((unsigned int *)((char *)this + 12)) / n;
    41 |    *((unsigned int *)((char *)this + 8)) = *((unsigned int *)((char *)this + 12)) * s + *((unsigned int *)((char *)this + 8));
    48 |    if (0u != (*((unsigned int *)((char *)this + 8)) + *((unsigned int *)((char *)this + 12)) ^ *((unsigned int *)((char *)this + 8))) >> 24) goto lab_5;
            do {   /* id=1 guarded */ /* ~6 */ 
              /* region = 11 */
    37 |      ((funcaddr *)(*((char * *)this)))[16ll / 8]->(void (unsigned int)vf).rns25.$$7(this,*((unsigned int *)((char *)this + 8)) >> 24)
    38 |      *((unsigned int *)((char *)this + 8)) = *((unsigned int *)((char *)this + 8)) << 8;
    51 |      *((unsigned int *)((char *)this + 12)) = *((unsigned int *)((char *)this + 12)) << 8;
    48 |    } while (!(0u != (*((unsigned int *)((char *)this + 8)) + *((unsigned int *)((char *)this + 12)) ^ *((unsigned int *)((char *)this + 8))) >> 24));   /* ~6 */
          lab_5:
    53 |    if (0u != *((unsigned int *)((char *)this + 12)) >> 16) goto lab_9;
    37 |    ((funcaddr *)(*((char * *)this)))[16ll / 8]->(void (unsigned int)vf).rns28.$$7(this,*((unsigned int *)((char *)this + 8)) >> 24)
    38 |    *((unsigned int *)((char *)this + 8)) = *((unsigned int *)((char *)this + 8)) << 8;
    37 |    ((funcaddr *)(*((char * *)this)))[16ll / 8]->(void (unsigned int)vf).rns28.$$7cfp6.(this,*((unsigned int *)((char *)this + 8)) >> 24)
    38 |    *((unsigned int *)((char *)this + 8)) = *((unsigned int *)((char *)this + 8)) << 8;
    57 |    *((unsigned int *)((char *)this + 12)) = *((unsigned int *)((char *)this + 8)) * 4294967295u;
    58 |  lab_9:
    43 |    return;
          } /* function */ 


    46 |  void RCencoder::normalize()(RCencoder *this)
    47 |  {
    48 |    if (0u != (*((unsigned int *)((char *)this + 12)) + *((unsigned int *)((char *)this + 8)) ^ *((unsigned int *)((char *)this + 8))) >> 24) goto lab_3;
            do {   /* id=2 guarded */ /* ~1 */ 
              /* region = 11 */
    37 |      ((funcaddr *)(*((char * *)this)))[16ll / 8]->(void (unsigned int)vf).rns25.(this,*((unsigned int *)((char *)this + 8)) >> 24)
    38 |      *((unsigned int *)((char *)this + 8)) = *((unsigned int *)((char *)this + 8)) << 8;
    51 |      *((unsigned int *)((char *)this + 12)) = *((unsigned int *)((char *)this + 12)) << 8;
    48 |    } while (!(0u != (*((unsigned int *)((char *)this + 8)) + *((unsigned int *)((char *)this + 12)) ^ *((unsigned int *)((char *)this + 8))) >> 24));   /* ~1 */
          lab_3:
    53 |    if (0u != *((unsigned int *)((char *)this + 12)) >> 16) goto lab_7;
    37 |    ((funcaddr *)(*((char * *)this)))[16ll / 8]->(void (unsigned int)vf).rns28.(this,*((unsigned int *)((char *)this + 8)) >> 24)
    38 |    *((unsigned int *)((char *)this + 8)) = *((unsigned int *)((char *)this + 8)) << 8;
    37 |    ((funcaddr *)(*((char * *)this)))[16ll / 8]->(void (unsigned int)vf).rns28.cfp7.(this,*((unsigned int *)((char *)this + 8)) >> 24)
    38 |    *((unsigned int *)((char *)this + 8)) = *((unsigned int *)((char *)this + 8)) << 8;
    57 |    *((unsigned int *)((char *)this + 12)) = *((unsigned int *)((char *)this + 8)) * 4294967295u;
    58 |  lab_7:
    59 |    return;
          } /* function */ 


 GPR's set/used:   ssus ssss ssss s---  ---- ---- ---- ---s
 FPR's set/used:   ssss ssss ssss ss--  ---- ---- ---- ----
 CCR's set/used:   ss-- -sss
     | 000000                           PDEF     RCencoder::finish()
     | 000000                           AKA       _ZN9RCencoder6finishEv
    4|                                  PROC      this,gr3
    0| 000000 std      FBE1FFF8   1     ST8       #stack(gr1,-8)=gr31
    0| 000004 mfspr    7C0802A6   1     LFLR      gr0=lr
    0| 000008 std      F8010010   1     ST8       #stack(gr1,16)=gr0
    0| 00000C stdu     F821FF61   1     ST8U      gr1,#stack(gr1,-160)=gr1
   37| 000010 ld       E8830000   1     L8        gr4=(RCencoder)[]@0.rns3.(gr3,0)
   37| 000014 lwz      80030008   1     L4Z       gr0=(RCencoder).low@8.rns4.(gr3,8)
   37| 000018 std      F8410028   1     ST8       #cur_toc(gr1,40)=gr2
    0| 00001C or       7C7F1B78   1     LR        gr31=gr3
   37| 000020 ld       E8A40010   1     L8        gr5=(void (*)(unsigned int);__vftTypeGCCV3).rns0.(gr4,16)
   37| 000024 rlwinm   5404463E   1     SRL4      gr4=gr0,24
   37| 000028 ld       E8050000   1     L8        gr0=#fnc_adr(gr5,0)
   37| 00002C ld       E9650010   1     L8        gr11=#new_env(gr5,16)
   37| 000030 mtspr    7C0903A6   1     LCTR      ctr=gr0
   37| 000034 ld       E8450008   1     CALL      gr5,2,(char).rns2.",gr3,gr4,#ProcAlias",fcr",#MX_TEMP1",(void (unsigned int)vf).rns1.",gr1,cr[01567]",gr0",gr3"-gr12",fp0"-fp13",mq",lr",fcr",xer",fsr",ca",ctr",#fnc_adr,#cur_toc,ctr,gr11,#new_env,#(glue_dr_n,0,(void (unsigned int)vf).rns1."
   37| 000038 bcctrl   4E800421   1
   37| 00003C ld       E8410028   1
   37| 000040 ld       E89F0000   1     L8        gr4=(RCencoder)[]@0.rns3.(gr31,0)
   38| 000044 lwz      801F0008   1     L4Z       gr0=(RCencoder).low@8.rns4.(gr31,8)
   37| 000048 or       7FE3FB78   1     LR        gr3=gr31
   37| 00004C ld       E8A40010   1     L8        gr5=(void (*)(unsigned int);__vftTypeGCCV3).rns0.(gr4,16)
   38| 000050 rlwinm   5400402E   1     SLL4      gr0=gr0,8
   38| 000054 stw      901F0008   1     ST4Z      (RCencoder).low@8.rns4.(gr31,8)=gr0
   37| 000058 rlwinm   5404463E   1     SRL4      gr4=gr0,24
   37| 00005C ld       E8050000   1     L8        gr0=#fnc_adr(gr5,0)
   37| 000060 ld       E9650010   1     L8        gr11=#new_env(gr5,16)
   37| 000064 mtspr    7C0903A6   1     LCTR      ctr=gr0
   37| 000068 ld       E8450008   1     CALL      gr5,2,(char).rns2.",gr3,gr4,#ProcAlias",fcr",#MX_TEMP1",(void (unsigned int)vf).rns1.cfp0.",gr1,cr[01567]",gr0",gr3"-gr12",fp0"-fp13",mq",lr",fcr",xer",fsr",ca",ctr",#fnc_adr,#cur_toc,ctr,gr11,#new_env,#(glue_dr_n,0,(void (unsigned int)vf).rns1.cfp0."
   37| 00006C bcctrl   4E800421   1
   37| 000070 ld       E8410028   1
   37| 000074 ld       E89F0000   1     L8        gr4=(RCencoder)[]@0.rns3.(gr31,0)
   38| 000078 lwz      801F0008   1     L4Z       gr0=(RCencoder).low@8.rns4.(gr31,8)
   37| 00007C or       7FE3FB78   1     LR        gr3=gr31
   37| 000080 ld       E8A40010   1     L8        gr5=(void (*)(unsigned int);__vftTypeGCCV3).rns0.(gr4,16)
   38| 000084 rlwinm   5400402E   1     SLL4      gr0=gr0,8
   38| 000088 stw      901F0008   1     ST4Z      (RCencoder).low@8.rns4.(gr31,8)=gr0
   37| 00008C rlwinm   5404463E   1     SRL4      gr4=gr0,24
   37| 000090 ld       E8050000   1     L8        gr0=#fnc_adr(gr5,0)
   37| 000094 ld       E9650010   1     L8        gr11=#new_env(gr5,16)
   37| 000098 mtspr    7C0903A6   1     LCTR      ctr=gr0
   37| 00009C ld       E8450008   1     CALL      gr5,2,(char).rns2.",gr3,gr4,#ProcAlias",fcr",#MX_TEMP1",(void (unsigned int)vf).rns1.cfp1.",gr1,cr[01567]",gr0",gr3"-gr12",fp0"-fp13",mq",lr",fcr",xer",fsr",ca",ctr",#fnc_adr,#cur_toc,ctr,gr11,#new_env,#(glue_dr_n,0,(void (unsigned int)vf).rns1.cfp1."
   37| 0000A0 bcctrl   4E800421   1
   37| 0000A4 ld       E8410028   1
   37| 0000A8 ld       E89F0000   1     L8        gr4=(RCencoder)[]@0.rns3.(gr31,0)
   38| 0000AC lwz      801F0008   1     L4Z       gr0=(RCencoder).low@8.rns4.(gr31,8)
   37| 0000B0 or       7FE3FB78   1     LR        gr3=gr31
   37| 0000B4 ld       E8A40010   1     L8        gr5=(void (*)(unsigned int);__vftTypeGCCV3).rns0.(gr4,16)
   38| 0000B8 rlwinm   5400402E   1     SLL4      gr0=gr0,8
   38| 0000BC stw      901F0008   1     ST4Z      (RCencoder).low@8.rns4.(gr31,8)=gr0
   37| 0000C0 rlwinm   5404463E   1     SRL4      gr4=gr0,24
   37| 0000C4 ld       E8050000   1     L8        gr0=#fnc_adr(gr5,0)
   37| 0000C8 ld       E9650010   1     L8        gr11=#new_env(gr5,16)
   37| 0000CC mtspr    7C0903A6   1     LCTR      ctr=gr0
   37| 0000D0 ld       E8450008   1     CALL      gr5,2,(char).rns2.",gr3,gr4,#ProcAlias",fcr",#MX_TEMP1",(void (unsigned int)vf).rns1.cfp2.",gr1,cr[01567]",gr0",gr3"-gr12",fp0"-fp13",mq",lr",fcr",xer",fsr",ca",ctr",#fnc_adr,#cur_toc,ctr,gr11,#new_env,#(glue_dr_n,0,(void (unsigned int)vf).rns1.cfp2."
   37| 0000D4 bcctrl   4E800421   1
   37| 0000D8 ld       E8410028   1
   38| 0000DC lwz      801F0008   1     L4Z       gr0=(RCencoder).low@8.rns4.(gr31,8)
    7| 0000E0 ld       E98100B0   1     L8        gr12=#stack(gr1,176)
    7| 0000E4 addi     382100A0   1     AI        gr1=gr1,160
   38| 0000E8 rlwinm   5400402E   1     SLL4      gr0=gr0,8
    7| 0000EC mtspr    7D8803A6   1     LLR       lr=gr12
   38| 0000F0 stw      901F0008   1     ST4Z      (RCencoder).low@8.rns4.(gr31,8)=gr0
    7| 0000F4 ld       EBE1FFF8   1     L8        gr31=#stack(gr1,-8)
    7| 0000F8 bclr     4E800020   1     BA        lr
     |               Tag Table
     | 0000FC        00000000 00092041 80010100 00000000 000000FC 00165F5A
     | 000114        4E395243 656E636F 64657236 66696E69 73684576
     |               Instruction count           63
     |               Straight-line exec time     63
 GPR's set/used:   ssus ssss ssss s---  ---- ---- ---- ---s
 FPR's set/used:   ssss ssss ssss ss--  ---- ---- ---- ----
 CCR's set/used:   ss-- -sss
     | 000000                           PDEF     RCencoder::encode(bool)
     | 000000                           AKA       _ZN9RCencoder6encodeEb
   10|                                  PROC      this,s,gr3,gr4
    0| 000130 std      FBE1FFF8   1     ST8       #stack(gr1,-8)=gr31
    0| 000134 mfspr    7C0802A6   1     LFLR      gr0=lr
    0| 000138 std      F8010010   1     ST8       #stack(gr1,16)=gr0
    0| 00013C stdu     F821FF61   1     ST8U      gr1,#stack(gr1,-160)=gr1
   37| 000140 std      F8410028   1     ST8       #cur_toc(gr1,40)=gr2
    0| 000144 or       7C7F1B78   1     LR        gr31=gr3
   12| 000148 lwz      8063000C   1     L4Z       gr3=(RCencoder).range@c.rns6.(gr3,12)
    0| 00014C andi.    708000FF   1     RN4_R     gr0,cr0=gr4,0,0xFF
   12| 000150 rlwinm   5463F87E   1     SRL4      gr3=gr3,1
   12| 000154 stw      907F000C   1     ST4Z      (RCencoder).range@c.rns6.(gr31,12)=gr3
   13| 000158 bc       40820118   1     BF        CL.285,cr0,0x4/eq,taken=50%(0,0)
   48| 00015C lwz      801F0008   1     L4Z       gr0=(RCencoder).low@8.rns29.$$2(gr31,8)
   48| 000160 add      7C630214   1     A         gr3=gr3,gr0
   48| 000164 xor      7C031A78   1     X         gr3=gr0,gr3
   48| 000168 rlwinm   5463463F   1     SRL4_R    gr3,cr0=gr3,24
   48| 00016C bc       408200EC   1     BF        CL.273,cr0,0x4/eq,taken=50%(0,0)
    0|                              CL.282:
   48|                              CL.42:
   37| 000170 ld       E8BF0000   1     L8        gr5=(RCencoder)[]@0.rns31.$$2(gr31,0)
   37| 000174 rlwinm   5404463E   1     SRL4      gr4=gr0,24
   37| 000178 or       7FE3FB78   1     LR        gr3=gr31
   37| 00017C ld       E8A50010   1     L8        gr5=(void (*)(unsigned int);__vftTypeGCCV3).rns0.(gr5,16)
   37| 000180 ld       E8050000   1     L8        gr0=#fnc_adr(gr5,0)
   37| 000184 ld       E9650010   1     L8        gr11=#new_env(gr5,16)
   37| 000188 mtspr    7C0903A6   1     LCTR      ctr=gr0
   37| 00018C ld       E8450008   1     CALL      gr5,2,(char).rns2.",gr3,gr4,#ProcAlias",fcr",#MX_TEMP2",(void (unsigned int)vf).rns25.$$2",gr1,cr[01567]",gr0",gr3"-gr12",fp0"-fp13",mq",lr",fcr",xer",fsr",ca",ctr",#fnc_adr,#cur_toc,ctr,gr11,#new_env,#(glue_dr_n,0,(void (unsigned int)vf).rns25.$$2"
   37| 000190 bcctrl   4E800421   1
   37| 000194 ld       E8410028   1
   38| 000198 lwz      801F0008   1     L4Z       gr0=(RCencoder).low@8.rns29.$$2(gr31,8)
   51| 00019C lwz      807F000C   1     L4Z       gr3=(RCencoder).range@c.rns30.$$2(gr31,12)
   38| 0001A0 rlwinm   5400402E   1     SLL4      gr0=gr0,8
   51| 0001A4 rlwinm   5464402E   1     SLL4      gr4=gr3,8
   38| 0001A8 stw      901F0008   1     ST4Z      (RCencoder).low@8.rns29.$$2(gr31,8)=gr0
   51| 0001AC stw      909F000C   1     ST4Z      (RCencoder).range@c.rns30.$$2(gr31,12)=gr4
   48| 0001B0 add      7C602214   1     A         gr3=gr0,gr4
   48| 0001B4 xor      7C031A78   1     X         gr3=gr0,gr3
   48| 0001B8 rlwinm   5463463F   1     SRL4_R    gr3,cr0=gr3,24
   48| 0001BC bc       4182FFB4   1     BT        CL.42,cr0,0x4/eq,taken=80%(80,20)
   53| 0001C0 rlwinm   5483843F   1     SRL4_R    gr3,cr0=gr4,16
   53| 0001C4 bc       4082007C   1     BF        CL.219,cr0,0x4/eq,taken=30%(30,70)
    0|                              CL.284:
   37| 0001C8 ld       E8BF0000   1     L8        gr5=(RCencoder)[]@0.rns31.$$2(gr31,0)
   37| 0001CC rlwinm   5404463E   1     SRL4      gr4=gr0,24
   37| 0001D0 or       7FE3FB78   1     LR        gr3=gr31
   37| 0001D4 ld       E8A50010   1     L8        gr5=(void (*)(unsigned int);__vftTypeGCCV3).rns0.(gr5,16)
   37| 0001D8 ld       E8050000   1     L8        gr0=#fnc_adr(gr5,0)
   37| 0001DC ld       E9650010   1     L8        gr11=#new_env(gr5,16)
   37| 0001E0 mtspr    7C0903A6   1     LCTR      ctr=gr0
   37| 0001E4 ld       E8450008   1     CALL      gr5,2,(char).rns2.",gr3,gr4,#ProcAlias",fcr",#MX_TEMP2",(void (unsigned int)vf).rns28.$$2",gr1,cr[01567]",gr0",gr3"-gr12",fp0"-fp13",mq",lr",fcr",xer",fsr",ca",ctr",#fnc_adr,#cur_toc,ctr,gr11,#new_env,#(glue_dr_n,0,(void (unsigned int)vf).rns28.$$2"
   37| 0001E8 bcctrl   4E800421   1
   37| 0001EC ld       E8410028   1
   37| 0001F0 ld       E89F0000   1     L8        gr4=(RCencoder)[]@0.rns31.$$2(gr31,0)
   38| 0001F4 lwz      801F0008   1     L4Z       gr0=(RCencoder).low@8.rns29.$$2(gr31,8)
   37| 0001F8 or       7FE3FB78   1     LR        gr3=gr31
   37| 0001FC ld       E8A40010   1     L8        gr5=(void (*)(unsigned int);__vftTypeGCCV3).rns0.(gr4,16)
   38| 000200 rlwinm   5400402E   1     SLL4      gr0=gr0,8
   38| 000204 stw      901F0008   1     ST4Z      (RCencoder).low@8.rns29.$$2(gr31,8)=gr0
   37| 000208 rlwinm   5404463E   1     SRL4      gr4=gr0,24
   37| 00020C ld       E8050000   1     L8        gr0=#fnc_adr(gr5,0)
   37| 000210 ld       E9650010   1     L8        gr11=#new_env(gr5,16)
   37| 000214 mtspr    7C0903A6   1     LCTR      ctr=gr0
   37| 000218 ld       E8450008   1     CALL      gr5,2,(char).rns2.",gr3,gr4,#ProcAlias",fcr",#MX_TEMP2",(void (unsigned int)vf).rns28.$$2cfp3.",gr1,cr[01567]",gr0",gr3"-gr12",fp0"-fp13",mq",lr",fcr",xer",fsr",ca",ctr",#fnc_adr,#cur_toc,ctr,gr11,#new_env,#(glue_dr_n,0,(void (unsigned int)vf).rns28.$$2cfp3."
   37| 00021C bcctrl   4E800421   1
   37| 000220 ld       E8410028   1
   38| 000224 lwz      807F0008   1     L4Z       gr3=(RCencoder).low@8.rns29.$$2(gr31,8)
   57| 000228 addi     3800FFFF   1     LI        gr0=-1
   57| 00022C rldicl   78000020   1     RN8       gr0=gr0,0,0xFFFFFFFF
   38| 000230 rlwinm   5463402E   1     SLL4      gr3=gr3,8
   38| 000234 stw      907F0008   1     ST4Z      (RCencoder).low@8.rns29.$$2(gr31,8)=gr3
   57| 000238 mulld    7C0019D2   1     M         gr0=gr0,gr3
   57| 00023C stw      901F000C   1     ST4Z      (RCencoder).range@c.rns30.$$2(gr31,12)=gr0
   16|                              CL.219:
   16| 000240 ld       E98100B0   1     L8        gr12=#stack(gr1,176)
   16| 000244 addi     382100A0   1     AI        gr1=gr1,160
   16| 000248 ld       EBE1FFF8   1     L8        gr31=#stack(gr1,-8)
   16| 00024C mtspr    7D8803A6   1     LLR       lr=gr12
   16| 000250 bclr     4E800020   1     BA        lr
    0| 000254 ori      60210000   1     XNOP      
    0|                              CL.273:
    0| 000258 lwz      807F000C   1     L4Z       gr3=(RCencoder).range@c.rns30.$$2(gr31,12)
   53| 00025C rlwinm   5463843F   1     SRL4_R    gr3,cr0=gr3,16
   53| 000260 bc       4182FF68   1     BT        CL.284,cr0,0x4/eq,taken=40%(40,60)
   16| 000264 ld       EBE10098   1     L8        gr31=#stack(gr1,152)
   16| 000268 addi     382100A0   1     AI        gr1=gr1,160
   16| 00026C bclr     4E800020   1     BA        lr
    0|                              CL.285:
   14| 000270 lwz      801F0008   1     L4Z       gr0=(RCencoder).low@8.rns4.(gr31,8)
   14| 000274 add      7C001A14   1     A         gr0=gr0,gr3
   14| 000278 stw      901F0008   1     ST4Z      (RCencoder).low@8.rns4.(gr31,8)=gr0
   48| 00027C rlwinm   5400003E   1     RN4       gr0=gr0,0,0xFFFFFFFF
   48| 000280 add      7C630214   1     A         gr3=gr3,gr0
   48| 000284 xor      7C031A78   1     X         gr3=gr0,gr3
   48| 000288 rlwinm   5463463F   1     SRL4_R    gr3,cr0=gr3,24
   48| 00028C bc       4082FFCC   1     BF        CL.273,cr0,0x4/eq,taken=50%(0,0)
    0| 000290 b        4BFFFEE0   1     B         CL.282,-1
     |               Tag Table
     | 000294        00000000 00092041 80010200 00000000 00000164 00165F5A
     | 0002AC        4E395243 656E636F 64657236 656E636F 64654562
     |               Instruction count           89
     |               Straight-line exec time     89
 GPR's set/used:   ssus ssss ssss s---  ---- ---- ---- ---s
 FPR's set/used:   ssss ssss ssss ss--  ---- ---- ---- ----
 CCR's set/used:   ss-- -sss
     | 000000                           PDEF     RCencoder::normalize()
     | 000000                           AKA       _ZN9RCencoder9normalizeEv
   46|                                  PROC      this,gr3
    0| 0002C0 std      FBE1FFF8   1     ST8       #stack(gr1,-8)=gr31
    0| 0002C4 mfspr    7C0802A6   1     LFLR      gr0=lr
    0| 0002C8 std      F8010010   1     ST8       #stack(gr1,16)=gr0
    0| 0002CC stdu     F821FF61   1     ST8U      gr1,#stack(gr1,-160)=gr1
   48| 0002D0 lwz      8083000C   1     L4Z       gr4=(RCencoder).range@c.rns6.(gr3,12)
   48| 0002D4 lwz      80030008   1     L4Z       gr0=(RCencoder).low@8.rns4.(gr3,8)
   37| 0002D8 std      F8410028   1     ST8       #cur_toc(gr1,40)=gr2
    0| 0002DC or       7C7F1B78   1     LR        gr31=gr3
   48| 0002E0 add      7C602214   1     A         gr3=gr0,gr4
   48| 0002E4 xor      7C031A78   1     X         gr3=gr0,gr3
   48| 0002E8 rlwinm   5463463F   1     SRL4_R    gr3,cr0=gr3,24
   48| 0002EC bc       418200AC   1     BT        CL.270,cr0,0x4/eq,taken=50%(0,0)
   53| 0002F0 rlwinm   5483843F   1     SRL4_R    gr3,cr0=gr4,16
   53| 0002F4 bc       40820098   1     BF        CL.309,cr0,0x4/eq,taken=30%(30,70)
    0| 0002F8 ori      60210000   1     XNOP      
    0| 0002FC ori      60210000   1     XNOP      
    0|                              CL.269:
   37| 000300 ld       E8BF0000   1     L8        gr5=(RCencoder)[]@0.rns3.(gr31,0)
   37| 000304 rlwinm   5404463E   1     SRL4      gr4=gr0,24
   37| 000308 or       7FE3FB78   1     LR        gr3=gr31
   37| 00030C ld       E8A50010   1     L8        gr5=(void (*)(unsigned int);__vftTypeGCCV3).rns0.(gr5,16)
   37| 000310 ld       E8050000   1     L8        gr0=#fnc_adr(gr5,0)
   37| 000314 ld       E9650010   1     L8        gr11=#new_env(gr5,16)
   37| 000318 mtspr    7C0903A6   1     LCTR      ctr=gr0
   37| 00031C ld       E8450008   1     CALL      gr5,2,(char).rns2.",gr3,gr4,#ProcAlias",fcr",#MX_TEMP3",(void (unsigned int)vf).rns28.",gr1,cr[01567]",gr0",gr3"-gr12",fp0"-fp13",mq",lr",fcr",xer",fsr",ca",ctr",#fnc_adr,#cur_toc,ctr,gr11,#new_env,#(glue_dr_n,0,(void (unsigned int)vf).rns28."
   37| 000320 bcctrl   4E800421   1
   37| 000324 ld       E8410028   1
   37| 000328 ld       E89F0000   1     L8        gr4=(RCencoder)[]@0.rns3.(gr31,0)
   38| 00032C lwz      801F0008   1     L4Z       gr0=(RCencoder).low@8.rns4.(gr31,8)
   37| 000330 or       7FE3FB78   1     LR        gr3=gr31
   37| 000334 ld       E8A40010   1     L8        gr5=(void (*)(unsigned int);__vftTypeGCCV3).rns0.(gr4,16)
   38| 000338 rlwinm   5400402E   1     SLL4      gr0=gr0,8
   38| 00033C stw      901F0008   1     ST4Z      (RCencoder).low@8.rns4.(gr31,8)=gr0
   37| 000340 rlwinm   5404463E   1     SRL4      gr4=gr0,24
   37| 000344 ld       E8050000   1     L8        gr0=#fnc_adr(gr5,0)
   37| 000348 ld       E9650010   1     L8        gr11=#new_env(gr5,16)
   37| 00034C mtspr    7C0903A6   1     LCTR      ctr=gr0
   37| 000350 ld       E8450008   1     CALL      gr5,2,(char).rns2.",gr3,gr4,#ProcAlias",fcr",#MX_TEMP3",(void (unsigned int)vf).rns28.cfp7.",gr1,cr[01567]",gr0",gr3"-gr12",fp0"-fp13",mq",lr",fcr",xer",fsr",ca",ctr",#fnc_adr,#cur_toc,ctr,gr11,#new_env,#(glue_dr_n,0,(void (unsigned int)vf).rns28.cfp7."
   37| 000354 bcctrl   4E800421   1
   37| 000358 ld       E8410028   1
   38| 00035C lwz      807F0008   1     L4Z       gr3=(RCencoder).low@8.rns4.(gr31,8)
   57| 000360 addi     3800FFFF   1     LI        gr0=-1
   57| 000364 rldicl   78000020   1     RN8       gr0=gr0,0,0xFFFFFFFF
   38| 000368 rlwinm   5463402E   1     SLL4      gr3=gr3,8
   38| 00036C stw      907F0008   1     ST4Z      (RCencoder).low@8.rns4.(gr31,8)=gr3
   57| 000370 mulld    7C0019D2   1     M         gr0=gr0,gr3
   57| 000374 stw      901F000C   1     ST4Z      (RCencoder).range@c.rns6.(gr31,12)=gr0
   59|                              CL.223:
   59| 000378 ld       E98100B0   1     L8        gr12=#stack(gr1,176)
   59| 00037C addi     382100A0   1     AI        gr1=gr1,160
   59| 000380 ld       EBE1FFF8   1     L8        gr31=#stack(gr1,-8)
   59| 000384 mtspr    7D8803A6   1     LLR       lr=gr12
   59| 000388 bclr     4E800020   1     BA        lr
   53|                              CL.309:
   59| 00038C ld       EBE10098   1     L8        gr31=#stack(gr1,152)
   59| 000390 addi     382100A0   1     AI        gr1=gr1,160
   59| 000394 bclr     4E800020   1     BA        lr
    0|                              CL.270:
   48|                              CL.72:
   37| 000398 ld       E8BF0000   1     L8        gr5=(RCencoder)[]@0.rns3.(gr31,0)
   37| 00039C rlwinm   5404463E   1     SRL4      gr4=gr0,24
   37| 0003A0 or       7FE3FB78   1     LR        gr3=gr31
   37| 0003A4 ld       E8A50010   1     L8        gr5=(void (*)(unsigned int);__vftTypeGCCV3).rns0.(gr5,16)
   37| 0003A8 ld       E8050000   1     L8        gr0=#fnc_adr(gr5,0)
   37| 0003AC ld       E9650010   1     L8        gr11=#new_env(gr5,16)
   37| 0003B0 mtspr    7C0903A6   1     LCTR      ctr=gr0
   37| 0003B4 ld       E8450008   1     CALL      gr5,2,(char).rns2.",gr3,gr4,#ProcAlias",fcr",#MX_TEMP3",(void (unsigned int)vf).rns25.",gr1,cr[01567]",gr0",gr3"-gr12",fp0"-fp13",mq",lr",fcr",xer",fsr",ca",ctr",#fnc_adr,#cur_toc,ctr,gr11,#new_env,#(glue_dr_n,0,(void (unsigned int)vf).rns25."
   37| 0003B8 bcctrl   4E800421   1
   37| 0003BC ld       E8410028   1
   38| 0003C0 lwz      801F0008   1     L4Z       gr0=(RCencoder).low@8.rns4.(gr31,8)
   51| 0003C4 lwz      807F000C   1     L4Z       gr3=(RCencoder).range@c.rns6.(gr31,12)
   38| 0003C8 rlwinm   5400402E   1     SLL4      gr0=gr0,8
   51| 0003CC rlwinm   5464402E   1     SLL4      gr4=gr3,8
   38| 0003D0 stw      901F0008   1     ST4Z      (RCencoder).low@8.rns4.(gr31,8)=gr0
   51| 0003D4 stw      909F000C   1     ST4Z      (RCencoder).range@c.rns6.(gr31,12)=gr4
   48| 0003D8 add      7C602214   1     A         gr3=gr0,gr4
   48| 0003DC xor      7C031A78   1     X         gr3=gr0,gr3
   48| 0003E0 rlwinm   5463463F   1     SRL4_R    gr3,cr0=gr3,24
   48| 0003E4 bc       4182FFB4   1     BT        CL.72,cr0,0x4/eq,taken=80%(80,20)
   53| 0003E8 rlwinm   5483843F   1     SRL4_R    gr3,cr0=gr4,16
   53| 0003EC bc       4182FF14   1     BT        CL.269,cr0,0x4/eq,taken=40%(40,60)
   53| 0003F0 b        4BFFFF88   1     B         CL.223,-1
     |               Tag Table
     | 0003F4        00000000 00092041 80010100 00000000 00000134 00195F5A
     | 00040C        4E395243 656E636F 64657239 6E6F726D 616C697A 654576
     |               Instruction count           77
     |               Straight-line exec time     77
 GPR's set/used:   ssus ssss ssss s---  ---- ---- ---- --ss
 FPR's set/used:   ssss ssss ssss ss--  ---- ---- ---- ----
 CCR's set/used:   ss-- -sss
     | 000000                           PDEF     RCencoder::encode(unsigned int, RCmodel *)
     | 000000                           AKA       _ZN9RCencoder6encodeEjP7RCmodel
   19|                                  PROC      this,s,rm,gr3-gr5
    0| 000430 std      FBE1FFF8   1     ST8       #stack(gr1,-8)=gr31
    0| 000434 std      FBC1FFF0   1     ST8       #stack(gr1,-16)=gr30
    0| 000438 mfspr    7C0802A6   1     LFLR      gr0=lr
    0| 00043C std      F8010010   1     ST8       #stack(gr1,16)=gr0
    0| 000440 stdu     F821FF41   1     ST8U      gr1,#stack(gr1,-192)=gr1
   22| 000444 ld       E8E50000   1     L8        gr7=(RCmodel)[]@0.rns15.(gr5,0)
   22| 000448 std      F8410028   1     ST8       #cur_toc(gr1,40)=gr2
    0| 00044C or       7CBF2B78   1     LR        gr31=gr5
   22| 000450 addi     38A10084   1     AI        gr5=gr1,132
    0| 000454 or       7C7E1B78   1     LR        gr30=gr3
    0| 000458 rlwinm   5484003E   1     RN4       gr4=gr4,0,0xFFFFFFFF
   22| 00045C ld       E8E70010   1     L8        gr7=(void (*)(unsigned int);__vftTypeGCCV3).rns0.(gr7,16)
   22| 000460 addi     38C10080   1     AI        gr6=gr1,128
   22| 000464 or       7FE3FB78   1     LR        gr3=gr31
   22| 000468 ld       E8070000   1     L8        gr0=#fnc_adr(gr7,0)
   22| 00046C ld       E9670010   1     L8        gr11=#new_env(gr7,16)
   22| 000470 mtspr    7C0903A6   1     LCTR      ctr=gr0
   22| 000474 ld       E8470008   1     CALL      gr7,4,(char).rns2.",gr3,gr4,l",gr5,r",gr6,#ProcAlias",fcr",#MX_TEMP4",(void (unsigned int, unsigned int &, unsigned int &)vf).rns9.",gr1,cr[01567]",gr0",gr3"-gr12",fp0"-fp13",mq",lr",fcr",xer",fsr",ca",ctr",#fnc_adr,#cur_toc,ctr,gr11,#new_env,#(glue_dr_n,0,(void (unsigned int, unsigned int &, unsigned int &)vf).rns9."
   22| 000478 bcctrl   4E800421   1
   22| 00047C ld       E8410028   1
   23| 000480 ld       E8BF0000   1     L8        gr5=(RCmodel)[]@0.rns15.(gr31,0)
   23| 000484 or       7FE3FB78   1     LR        gr3=gr31
   23| 000488 addi     389E000C   1     AI        gr4=gr30,12
   23| 00048C ld       E8A50020   1     L8        gr5=(void (*)(unsigned int);__vftTypeGCCV3).rns0.(gr5,32)
   23| 000490 ld       E8050000   1     L8        gr0=#fnc_adr(gr5,0)
   23| 000494 ld       E9650010   1     L8        gr11=#new_env(gr5,16)
   23| 000498 mtspr    7C0903A6   1     LCTR      ctr=gr0
   23| 00049C ld       E8450008   1     CALL      gr5,2,(char).rns2.",gr3,(unsigned int).rns13.",gr4,#ProcAlias",fcr",#MX_TEMP4",(void (unsigned int &)vf).rns12.",gr1,cr[01567]",gr0",gr3"-gr12",fp0"-fp13",mq",lr",fcr",xer",fsr",ca",ctr",#fnc_adr,#cur_toc,ctr,gr11,#new_env,#(glue_dr_n,0,(void (unsigned int &)vf).rns12."
   23| 0004A0 bcctrl   4E800421   1
   23| 0004A4 ld       E8410028   1
   24| 0004A8 lwz      80010084   1     L4Z       gr0=l(gr1,132)
   24| 0004AC lwz      807E000C   1     L4Z       gr3=(RCencoder).range@c.rns6.(gr30,12)
   25| 0004B0 lwz      80810080   1     L4Z       gr4=r(gr1,128)
   24| 0004B4 lwz      80BE0008   1     L4Z       gr5=(RCencoder).low@8.rns4.(gr30,8)
   24| 0004B8 mulld    7C0019D2   1     M         gr0=gr0,gr3
   25| 0004BC mulld    7C6321D2   1     M         gr3=gr3,gr4
   24| 0004C0 add      7C002A14   1     A         gr0=gr0,gr5
   25| 0004C4 stw      907E000C   1     ST4Z      (RCencoder).range@c.rns6.(gr30,12)=gr3
   24| 0004C8 stw      901E0008   1     ST4Z      (RCencoder).low@8.rns4.(gr30,8)=gr0
   48| 0004CC rlwinm   5464003E   1     RN4       gr4=gr3,0,0xFFFFFFFF
   48| 0004D0 rlwinm   5400003E   1     RN4       gr0=gr0,0,0xFFFFFFFF
   48| 0004D4 add      7C602214   1     A         gr3=gr0,gr4
   48| 0004D8 xor      7C031A78   1     X         gr3=gr0,gr3
   48| 0004DC rlwinm   5463463F   1     SRL4_R    gr3,cr0=gr3,24
   48| 0004E0 bc       40820108   1     BF        CL.258,cr0,0x4/eq,taken=50%(0,0)
    0| 0004E4 ori      60210000   1     XNOP      
    0| 0004E8 ori      60210000   1     XNOP      
    0| 0004EC ori      60210000   1     XNOP      
   48|                              CL.122:
   37| 0004F0 ld       E8BE0000   1     L8        gr5=(RCencoder)[]@0.rns31.$$5(gr30,0)
   37| 0004F4 rlwinm   5404463E   1     SRL4      gr4=gr0,24
   37| 0004F8 or       7FC3F378   1     LR        gr3=gr30
   37| 0004FC ld       E8A50010   1     L8        gr5=(void (*)(unsigned int);__vftTypeGCCV3).rns0.(gr5,16)
   37| 000500 ld       E8050000   1     L8        gr0=#fnc_adr(gr5,0)
   37| 000504 ld       E9650010   1     L8        gr11=#new_env(gr5,16)
   37| 000508 mtspr    7C0903A6   1     LCTR      ctr=gr0
   37| 00050C ld       E8450008   1     CALL      gr5,2,(char).rns2.",gr3,gr4,#ProcAlias",fcr",#MX_TEMP4",(void (unsigned int)vf).rns25.$$5",gr1,cr[01567]",gr0",gr3"-gr12",fp0"-fp13",mq",lr",fcr",xer",fsr",ca",ctr",#fnc_adr,#cur_toc,ctr,gr11,#new_env,#(glue_dr_n,0,(void (unsigned int)vf).rns25.$$5"
   37| 000510 bcctrl   4E800421   1
   37| 000514 ld       E8410028   1
   38| 000518 lwz      801E0008   1     L4Z       gr0=(RCencoder).low@8.rns29.$$5(gr30,8)
   51| 00051C lwz      807E000C   1     L4Z       gr3=(RCencoder).range@c.rns30.$$5(gr30,12)
   38| 000520 rlwinm   5400402E   1     SLL4      gr0=gr0,8
   51| 000524 rlwinm   5464402E   1     SLL4      gr4=gr3,8
   38| 000528 stw      901E0008   1     ST4Z      (RCencoder).low@8.rns29.$$5(gr30,8)=gr0
   51| 00052C stw      909E000C   1     ST4Z      (RCencoder).range@c.rns30.$$5(gr30,12)=gr4
   48| 000530 add      7C602214   1     A         gr3=gr0,gr4
   48| 000534 xor      7C031A78   1     X         gr3=gr0,gr3
   48| 000538 rlwinm   5463463F   1     SRL4_R    gr3,cr0=gr3,24
   48| 00053C bc       4182FFB4   1     BT        CL.122,cr0,0x4/eq,taken=80%(80,20)
   53| 000540 rlwinm   5483843F   1     SRL4_R    gr3,cr0=gr4,16
   53| 000544 bc       41820028   1     BT        CL.259,cr0,0x4/eq,taken=40%(40,60)
    0| 000548 ori      60210000   1     XNOP      
    0| 00054C ori      60210000   1     XNOP      
    0| 000550 ori      60210000   1     XNOP      
   27|                              CL.220:
   27| 000554 ld       E98100D0   1     L8        gr12=#stack(gr1,208)
   27| 000558 addi     382100C0   1     AI        gr1=gr1,192
   27| 00055C ld       EBC1FFF0   1     L8        gr30=#stack(gr1,-16)
   27| 000560 ld       EBE1FFF8   1     L8        gr31=#stack(gr1,-8)
   27| 000564 mtspr    7D8803A6   1     LLR       lr=gr12
   27| 000568 bclr     4E800020   1     BA        lr
    0|                              CL.259:
   37| 00056C ld       E8BE0000   1     L8        gr5=(RCencoder)[]@0.rns31.$$5(gr30,0)
   37| 000570 rlwinm   5404463E   1     SRL4      gr4=gr0,24
   37| 000574 or       7FC3F378   1     LR        gr3=gr30
   37| 000578 ld       E8A50010   1     L8        gr5=(void (*)(unsigned int);__vftTypeGCCV3).rns0.(gr5,16)
   37| 00057C ld       E8050000   1     L8        gr0=#fnc_adr(gr5,0)
   37| 000580 ld       E9650010   1     L8        gr11=#new_env(gr5,16)
   37| 000584 mtspr    7C0903A6   1     LCTR      ctr=gr0
   37| 000588 ld       E8450008   1     CALL      gr5,2,(char).rns2.",gr3,gr4,#ProcAlias",fcr",#MX_TEMP4",(void (unsigned int)vf).rns28.$$5",gr1,cr[01567]",gr0",gr3"-gr12",fp0"-fp13",mq",lr",fcr",xer",fsr",ca",ctr",#fnc_adr,#cur_toc,ctr,gr11,#new_env,#(glue_dr_n,0,(void (unsigned int)vf).rns28.$$5"
   37| 00058C bcctrl   4E800421   1
   37| 000590 ld       E8410028   1
   37| 000594 ld       E89E0000   1     L8        gr4=(RCencoder)[]@0.rns31.$$5(gr30,0)
   38| 000598 lwz      801E0008   1     L4Z       gr0=(RCencoder).low@8.rns29.$$5(gr30,8)
   37| 00059C or       7FC3F378   1     LR        gr3=gr30
   37| 0005A0 ld       E8A40010   1     L8        gr5=(void (*)(unsigned int);__vftTypeGCCV3).rns0.(gr4,16)
   38| 0005A4 rlwinm   5400402E   1     SLL4      gr0=gr0,8
   38| 0005A8 stw      901E0008   1     ST4Z      (RCencoder).low@8.rns29.$$5(gr30,8)=gr0
   37| 0005AC rlwinm   5404463E   1     SRL4      gr4=gr0,24
   37| 0005B0 ld       E8050000   1     L8        gr0=#fnc_adr(gr5,0)
   37| 0005B4 ld       E9650010   1     L8        gr11=#new_env(gr5,16)
   37| 0005B8 mtspr    7C0903A6   1     LCTR      ctr=gr0
   37| 0005BC ld       E8450008   1     CALL      gr5,2,(char).rns2.",gr3,gr4,#ProcAlias",fcr",#MX_TEMP4",(void (unsigned int)vf).rns28.$$5cfp4.",gr1,cr[01567]",gr0",gr3"-gr12",fp0"-fp13",mq",lr",fcr",xer",fsr",ca",ctr",#fnc_adr,#cur_toc,ctr,gr11,#new_env,#(glue_dr_n,0,(void (unsigned int)vf).rns28.$$5cfp4."
   37| 0005C0 bcctrl   4E800421   1
   37| 0005C4 ld       E8410028   1
   38| 0005C8 lwz      807E0008   1     L4Z       gr3=(RCencoder).low@8.rns29.$$5(gr30,8)
   57| 0005CC addi     3800FFFF   1     LI        gr0=-1
   57| 0005D0 rldicl   78000020   1     RN8       gr0=gr0,0,0xFFFFFFFF
   38| 0005D4 rlwinm   5463402E   1     SLL4      gr3=gr3,8
   38| 0005D8 stw      907E0008   1     ST4Z      (RCencoder).low@8.rns29.$$5(gr30,8)=gr3
   57| 0005DC mulld    7C0019D2   1     M         gr0=gr0,gr3
   57| 0005E0 stw      901E000C   1     ST4Z      (RCencoder).range@c.rns30.$$5(gr30,12)=gr0
    0| 0005E4 b        4BFFFF70   1     B         CL.220,-1
    0|                              CL.258:
   53| 0005E8 rlwinm   5483843F   1     SRL4_R    gr3,cr0=gr4,16
   53| 0005EC bc       4082FF68   1     BF        CL.220,cr0,0x4/eq,taken=30%(30,70)
    0| 0005F0 b        4BFFFF7C   1     B         CL.259,-1
     |               Tag Table
     | 0005F4        00000000 00092041 80020300 00000000 000001C4 001F5F5A
     | 00060C        4E395243 656E636F 64657236 656E636F 6465456A 50375243
     | 000624        6D6F6465 6C
     |               Instruction count          113
     |               Straight-line exec time    113
 GPR's set/used:   ssus ssss ssss s---  ---- ---- ---- ---s
 FPR's set/used:   ssss ssss ssss ss--  ---- ---- ---- ----
 CCR's set/used:   ss-- -sss
     | 000000                           PDEF     RCencoder::encode_shift(unsigned int, unsigned int)
     | 000000                           AKA       _ZN9RCencoder12encode_shiftEjj
   30|                                  PROC      this,s,n,gr3-gr5
    0| 000630 std      FBE1FFF8   1     ST8       #stack(gr1,-8)=gr31
    0| 000634 mfspr    7C0802A6   1     LFLR      gr0=lr
    0| 000638 std      F8010010   1     ST8       #stack(gr1,16)=gr0
    0| 00063C stdu     F821FF61   1     ST8U      gr1,#stack(gr1,-160)=gr1
   37| 000640 std      F8410028   1     ST8       #cur_toc(gr1,40)=gr2
    0| 000644 or       7C7F1B78   1     LR        gr31=gr3
   32| 000648 lwz      8063000C   1     L4Z       gr3=(RCencoder).range@c.rns6.(gr3,12)
    0| 00064C rlwinm   5480003E   1     RN4       gr0=gr4,0,0xFFFFFFFF
   33| 000650 lwz      809F0008   1     L4Z       gr4=(RCencoder).low@8.rns4.(gr31,8)
   32| 000654 srw      7C632C30   1     SRL4      gr3=gr3,gr5
   32| 000658 stw      907F000C   1     ST4Z      (RCencoder).range@c.rns6.(gr31,12)=gr3
   33| 00065C mulld    7C0019D2   1     M         gr0=gr0,gr3
   33| 000660 add      7C002214   1     A         gr0=gr0,gr4
   48| 000664 rlwinm   5464003E   1     RN4       gr4=gr3,0,0xFFFFFFFF
   33| 000668 stw      901F0008   1     ST4Z      (RCencoder).low@8.rns4.(gr31,8)=gr0
   48| 00066C rlwinm   5400003E   1     RN4       gr0=gr0,0,0xFFFFFFFF
   48| 000670 add      7C602214   1     A         gr3=gr0,gr4
   48| 000674 xor      7C031A78   1     X         gr3=gr0,gr3
   48| 000678 rlwinm   5463463F   1     SRL4_R    gr3,cr0=gr3,24
   48| 00067C bc       418200AC   1     BT        CL.249,cr0,0x4/eq,taken=50%(0,0)
   53| 000680 rlwinm   5483843F   1     SRL4_R    gr3,cr0=gr4,16
   53| 000684 bc       40820098   1     BF        CL.333,cr0,0x4/eq,taken=30%(30,70)
    0| 000688 ori      60210000   1     XNOP      
    0| 00068C ori      60210000   1     XNOP      
    0|                              CL.248:
   37| 000690 ld       E8BF0000   1     L8        gr5=(RCencoder)[]@0.rns31.$$6(gr31,0)
   37| 000694 rlwinm   5404463E   1     SRL4      gr4=gr0,24
   37| 000698 or       7FE3FB78   1     LR        gr3=gr31
   37| 00069C ld       E8A50010   1     L8        gr5=(void (*)(unsigned int);__vftTypeGCCV3).rns0.(gr5,16)
   37| 0006A0 ld       E8050000   1     L8        gr0=#fnc_adr(gr5,0)
   37| 0006A4 ld       E9650010   1     L8        gr11=#new_env(gr5,16)
   37| 0006A8 mtspr    7C0903A6   1     LCTR      ctr=gr0
   37| 0006AC ld       E8450008   1     CALL      gr5,2,(char).rns2.",gr3,gr4,#ProcAlias",fcr",#MX_TEMP5",(void (unsigned int)vf).rns28.$$6",gr1,cr[01567]",gr0",gr3"-gr12",fp0"-fp13",mq",lr",fcr",xer",fsr",ca",ctr",#fnc_adr,#cur_toc,ctr,gr11,#new_env,#(glue_dr_n,0,(void (unsigned int)vf).rns28.$$6"
   37| 0006B0 bcctrl   4E800421   1
   37| 0006B4 ld       E8410028   1
   37| 0006B8 ld       E89F0000   1     L8        gr4=(RCencoder)[]@0.rns31.$$6(gr31,0)
   38| 0006BC lwz      801F0008   1     L4Z       gr0=(RCencoder).low@8.rns29.$$6(gr31,8)
   37| 0006C0 or       7FE3FB78   1     LR        gr3=gr31
   37| 0006C4 ld       E8A40010   1     L8        gr5=(void (*)(unsigned int);__vftTypeGCCV3).rns0.(gr4,16)
   38| 0006C8 rlwinm   5400402E   1     SLL4      gr0=gr0,8
   38| 0006CC stw      901F0008   1     ST4Z      (RCencoder).low@8.rns29.$$6(gr31,8)=gr0
   37| 0006D0 rlwinm   5404463E   1     SRL4      gr4=gr0,24
   37| 0006D4 ld       E8050000   1     L8        gr0=#fnc_adr(gr5,0)
   37| 0006D8 ld       E9650010   1     L8        gr11=#new_env(gr5,16)
   37| 0006DC mtspr    7C0903A6   1     LCTR      ctr=gr0
   37| 0006E0 ld       E8450008   1     CALL      gr5,2,(char).rns2.",gr3,gr4,#ProcAlias",fcr",#MX_TEMP5",(void (unsigned int)vf).rns28.$$6cfp5.",gr1,cr[01567]",gr0",gr3"-gr12",fp0"-fp13",mq",lr",fcr",xer",fsr",ca",ctr",#fnc_adr,#cur_toc,ctr,gr11,#new_env,#(glue_dr_n,0,(void (unsigned int)vf).rns28.$$6cfp5."
   37| 0006E4 bcctrl   4E800421   1
   37| 0006E8 ld       E8410028   1
   38| 0006EC lwz      807F0008   1     L4Z       gr3=(RCencoder).low@8.rns29.$$6(gr31,8)
   57| 0006F0 addi     3800FFFF   1     LI        gr0=-1
   57| 0006F4 rldicl   78000020   1     RN8       gr0=gr0,0,0xFFFFFFFF
   38| 0006F8 rlwinm   5463402E   1     SLL4      gr3=gr3,8
   38| 0006FC stw      907F0008   1     ST4Z      (RCencoder).low@8.rns29.$$6(gr31,8)=gr3
   57| 000700 mulld    7C0019D2   1     M         gr0=gr0,gr3
   57| 000704 stw      901F000C   1     ST4Z      (RCencoder).range@c.rns30.$$6(gr31,12)=gr0
   35|                              CL.221:
   35| 000708 ld       E98100B0   1     L8        gr12=#stack(gr1,176)
   35| 00070C addi     382100A0   1     AI        gr1=gr1,160
   35| 000710 ld       EBE1FFF8   1     L8        gr31=#stack(gr1,-8)
   35| 000714 mtspr    7D8803A6   1     LLR       lr=gr12
   35| 000718 bclr     4E800020   1     BA        lr
   53|                              CL.333:
   35| 00071C ld       EBE10098   1     L8        gr31=#stack(gr1,152)
   35| 000720 addi     382100A0   1     AI        gr1=gr1,160
   35| 000724 bclr     4E800020   1     BA        lr
    0|                              CL.249:
   48|                              CL.156:
   37| 000728 ld       E8BF0000   1     L8        gr5=(RCencoder)[]@0.rns31.$$6(gr31,0)
   37| 00072C rlwinm   5404463E   1     SRL4      gr4=gr0,24
   37| 000730 or       7FE3FB78   1     LR        gr3=gr31
   37| 000734 ld       E8A50010   1     L8        gr5=(void (*)(unsigned int);__vftTypeGCCV3).rns0.(gr5,16)
   37| 000738 ld       E8050000   1     L8        gr0=#fnc_adr(gr5,0)
   37| 00073C ld       E9650010   1     L8        gr11=#new_env(gr5,16)
   37| 000740 mtspr    7C0903A6   1     LCTR      ctr=gr0
   37| 000744 ld       E8450008   1     CALL      gr5,2,(char).rns2.",gr3,gr4,#ProcAlias",fcr",#MX_TEMP5",(void (unsigned int)vf).rns25.$$6",gr1,cr[01567]",gr0",gr3"-gr12",fp0"-fp13",mq",lr",fcr",xer",fsr",ca",ctr",#fnc_adr,#cur_toc,ctr,gr11,#new_env,#(glue_dr_n,0,(void (unsigned int)vf).rns25.$$6"
   37| 000748 bcctrl   4E800421   1
   37| 00074C ld       E8410028   1
   38| 000750 lwz      801F0008   1     L4Z       gr0=(RCencoder).low@8.rns29.$$6(gr31,8)
   51| 000754 lwz      807F000C   1     L4Z       gr3=(RCencoder).range@c.rns30.$$6(gr31,12)
   38| 000758 rlwinm   5400402E   1     SLL4      gr0=gr0,8
   51| 00075C rlwinm   5464402E   1     SLL4      gr4=gr3,8
   38| 000760 stw      901F0008   1     ST4Z      (RCencoder).low@8.rns29.$$6(gr31,8)=gr0
   51| 000764 stw      909F000C   1     ST4Z      (RCencoder).range@c.rns30.$$6(gr31,12)=gr4
   48| 000768 add      7C602214   1     A         gr3=gr0,gr4
   48| 00076C xor      7C031A78   1     X         gr3=gr0,gr3
   48| 000770 rlwinm   5463463F   1     SRL4_R    gr3,cr0=gr3,24
   48| 000774 bc       4182FFB4   1     BT        CL.156,cr0,0x4/eq,taken=80%(80,20)
   53| 000778 rlwinm   5483843F   1     SRL4_R    gr3,cr0=gr4,16
   53| 00077C bc       4182FF14   1     BT        CL.248,cr0,0x4/eq,taken=40%(40,60)
   53| 000780 b        4BFFFF88   1     B         CL.221,-1
     |               Tag Table
     | 000784        00000000 00092041 80010300 00000000 00000154 001E5F5A
     | 00079C        4E395243 656E636F 64657231 32656E63 6F64655F 73686966
     | 0007B4        74456A6A
     |               Instruction count           85
     |               Straight-line exec time     85
 GPR's set/used:   ssus ssss ssss s---  ---- ---- ---- ---s
 FPR's set/used:   ssss ssss ssss ss--  ---- ---- ---- ----
 CCR's set/used:   ss-- -sss
     | 000000                           PDEF     RCencoder::encode_ratio(unsigned int, unsigned int)
     | 000000                           AKA       _ZN9RCencoder12encode_ratioEjj
   38|                                  PROC      this,s,n,gr3-gr5
    0| 0007C0 std      FBE1FFF8   1     ST8       #stack(gr1,-8)=gr31
    0| 0007C4 mfspr    7C0802A6   1     LFLR      gr0=lr
    0| 0007C8 std      F8010010   1     ST8       #stack(gr1,16)=gr0
    0| 0007CC stdu     F821FF61   1     ST8U      gr1,#stack(gr1,-160)=gr1
   37| 0007D0 std      F8410028   1     ST8       #cur_toc(gr1,40)=gr2
    0| 0007D4 or       7C7F1B78   1     LR        gr31=gr3
   40| 0007D8 lwz      8063000C   1     L4Z       gr3=(RCencoder).range@c.rns6.(gr3,12)
    0| 0007DC rlwinm   5480003E   1     RN4       gr0=gr4,0,0xFFFFFFFF
   41| 0007E0 lwz      809F0008   1     L4Z       gr4=(RCencoder).low@8.rns4.(gr31,8)
   40| 0007E4 divwu    7C632B96   1     DIVWU     gr3=gr3,gr5
   40| 0007E8 stw      907F000C   1     ST4Z      (RCencoder).range@c.rns6.(gr31,12)=gr3
   40| 0007EC rlwinm   5465003E   1     RN4       gr5=gr3,0,0xFFFFFFFF
   41| 0007F0 mulld    7C0029D2   1     M         gr0=gr0,gr5
   41| 0007F4 add      7C002214   1     A         gr0=gr0,gr4
   41| 0007F8 stw      901F0008   1     ST4Z      (RCencoder).low@8.rns4.(gr31,8)=gr0
   48| 0007FC rlwinm   5400003E   1     RN4       gr0=gr0,0,0xFFFFFFFF
   48| 000800 add      7C602A14   1     A         gr3=gr0,gr5
   48| 000804 xor      7C031A78   1     X         gr3=gr0,gr3
   48| 000808 rlwinm   5463463F   1     SRL4_R    gr3,cr0=gr3,24
   48| 00080C bc       418200AC   1     BT        CL.238,cr0,0x4/eq,taken=50%(0,0)
   53| 000810 rlwinm   54A3843F   1     SRL4_R    gr3,cr0=gr5,16
   53| 000814 bc       40820098   1     BF        CL.346,cr0,0x4/eq,taken=30%(30,70)
    0| 000818 ori      60210000   1     XNOP      
    0| 00081C ori      60210000   1     XNOP      
    0|                              CL.237:
   37| 000820 ld       E8BF0000   1     L8        gr5=(RCencoder)[]@0.rns31.$$7(gr31,0)
   37| 000824 rlwinm   5404463E   1     SRL4      gr4=gr0,24
   37| 000828 or       7FE3FB78   1     LR        gr3=gr31
   37| 00082C ld       E8A50010   1     L8        gr5=(void (*)(unsigned int);__vftTypeGCCV3).rns0.(gr5,16)
   37| 000830 ld       E8050000   1     L8        gr0=#fnc_adr(gr5,0)
   37| 000834 ld       E9650010   1     L8        gr11=#new_env(gr5,16)
   37| 000838 mtspr    7C0903A6   1     LCTR      ctr=gr0
   37| 00083C ld       E8450008   1     CALL      gr5,2,(char).rns2.",gr3,gr4,#ProcAlias",fcr",#MX_TEMP6",(void (unsigned int)vf).rns28.$$7",gr1,cr[01567]",gr0",gr3"-gr12",fp0"-fp13",mq",lr",fcr",xer",fsr",ca",ctr",#fnc_adr,#cur_toc,ctr,gr11,#new_env,#(glue_dr_n,0,(void (unsigned int)vf).rns28.$$7"
   37| 000840 bcctrl   4E800421   1
   37| 000844 ld       E8410028   1
   37| 000848 ld       E89F0000   1     L8        gr4=(RCencoder)[]@0.rns31.$$7(gr31,0)
   38| 00084C lwz      801F0008   1     L4Z       gr0=(RCencoder).low@8.rns29.$$7(gr31,8)
   37| 000850 or       7FE3FB78   1     LR        gr3=gr31
   37| 000854 ld       E8A40010   1     L8        gr5=(void (*)(unsigned int);__vftTypeGCCV3).rns0.(gr4,16)
   38| 000858 rlwinm   5400402E   1     SLL4      gr0=gr0,8
   38| 00085C stw      901F0008   1     ST4Z      (RCencoder).low@8.rns29.$$7(gr31,8)=gr0
   37| 000860 rlwinm   5404463E   1     SRL4      gr4=gr0,24
   37| 000864 ld       E8050000   1     L8        gr0=#fnc_adr(gr5,0)
   37| 000868 ld       E9650010   1     L8        gr11=#new_env(gr5,16)
   37| 00086C mtspr    7C0903A6   1     LCTR      ctr=gr0
   37| 000870 ld       E8450008   1     CALL      gr5,2,(char).rns2.",gr3,gr4,#ProcAlias",fcr",#MX_TEMP6",(void (unsigned int)vf).rns28.$$7cfp6.",gr1,cr[01567]",gr0",gr3"-gr12",fp0"-fp13",mq",lr",fcr",xer",fsr",ca",ctr",#fnc_adr,#cur_toc,ctr,gr11,#new_env,#(glue_dr_n,0,(void (unsigned int)vf).rns28.$$7cfp6."
   37| 000874 bcctrl   4E800421   1
   37| 000878 ld       E8410028   1
   38| 00087C lwz      807F0008   1     L4Z       gr3=(RCencoder).low@8.rns29.$$7(gr31,8)
   57| 000880 addi     3800FFFF   1     LI        gr0=-1
   57| 000884 rldicl   78000020   1     RN8       gr0=gr0,0,0xFFFFFFFF
   38| 000888 rlwinm   5463402E   1     SLL4      gr3=gr3,8
   38| 00088C stw      907F0008   1     ST4Z      (RCencoder).low@8.rns29.$$7(gr31,8)=gr3
   57| 000890 mulld    7C0019D2   1     M         gr0=gr0,gr3
   57| 000894 stw      901F000C   1     ST4Z      (RCencoder).range@c.rns30.$$7(gr31,12)=gr0
   43|                              CL.222:
   43| 000898 ld       E98100B0   1     L8        gr12=#stack(gr1,176)
   43| 00089C addi     382100A0   1     AI        gr1=gr1,160
   43| 0008A0 ld       EBE1FFF8   1     L8        gr31=#stack(gr1,-8)
   43| 0008A4 mtspr    7D8803A6   1     LLR       lr=gr12
   43| 0008A8 bclr     4E800020   1     BA        lr
   53|                              CL.346:
   43| 0008AC ld       EBE10098   1     L8        gr31=#stack(gr1,152)
   43| 0008B0 addi     382100A0   1     AI        gr1=gr1,160
   43| 0008B4 bclr     4E800020   1     BA        lr
    0|                              CL.238:
   48|                              CL.190:
   37| 0008B8 ld       E8BF0000   1     L8        gr5=(RCencoder)[]@0.rns31.$$7(gr31,0)
   37| 0008BC rlwinm   5404463E   1     SRL4      gr4=gr0,24
   37| 0008C0 or       7FE3FB78   1     LR        gr3=gr31
   37| 0008C4 ld       E8A50010   1     L8        gr5=(void (*)(unsigned int);__vftTypeGCCV3).rns0.(gr5,16)
   37| 0008C8 ld       E8050000   1     L8        gr0=#fnc_adr(gr5,0)
   37| 0008CC ld       E9650010   1     L8        gr11=#new_env(gr5,16)
   37| 0008D0 mtspr    7C0903A6   1     LCTR      ctr=gr0
   37| 0008D4 ld       E8450008   1     CALL      gr5,2,(char).rns2.",gr3,gr4,#ProcAlias",fcr",#MX_TEMP6",(void (unsigned int)vf).rns25.$$7",gr1,cr[01567]",gr0",gr3"-gr12",fp0"-fp13",mq",lr",fcr",xer",fsr",ca",ctr",#fnc_adr,#cur_toc,ctr,gr11,#new_env,#(glue_dr_n,0,(void (unsigned int)vf).rns25.$$7"
   37| 0008D8 bcctrl   4E800421   1
   37| 0008DC ld       E8410028   1
   38| 0008E0 lwz      801F0008   1     L4Z       gr0=(RCencoder).low@8.rns29.$$7(gr31,8)
   51| 0008E4 lwz      807F000C   1     L4Z       gr3=(RCencoder).range@c.rns30.$$7(gr31,12)
   38| 0008E8 rlwinm   5400402E   1     SLL4      gr0=gr0,8
   51| 0008EC rlwinm   5464402E   1     SLL4      gr4=gr3,8
   38| 0008F0 stw      901F0008   1     ST4Z      (RCencoder).low@8.rns29.$$7(gr31,8)=gr0
   51| 0008F4 stw      909F000C   1     ST4Z      (RCencoder).range@c.rns30.$$7(gr31,12)=gr4
   48| 0008F8 add      7C602214   1     A         gr3=gr0,gr4
   48| 0008FC xor      7C031A78   1     X         gr3=gr0,gr3
   48| 000900 rlwinm   5463463F   1     SRL4_R    gr3,cr0=gr3,24
   48| 000904 bc       4182FFB4   1     BT        CL.190,cr0,0x4/eq,taken=80%(80,20)
   53| 000908 rlwinm   5483843F   1     SRL4_R    gr3,cr0=gr4,16
   53| 00090C bc       4182FF14   1     BT        CL.237,cr0,0x4/eq,taken=40%(40,60)
   53| 000910 b        4BFFFF88   1     B         CL.222,-1
     |               Tag Table
     | 000914        00000000 00092041 80010300 00000000 00000154 001E5F5A
     | 00092C        4E395243 656E636F 64657231 32656E63 6F64655F 72617469
     | 000944        6F456A6A
     |               Instruction count           85
     |               Straight-line exec time     84
